 PASS exchange           1           1           1           1           0   1.2509268882771003E-017
 PASS exchange           1           1           1           1           1   1.5515838457795457E-017
 PASS exchange           1           1           1           2           0   1.5515838457795457E-017
 PASS exchange           1           1           1           2           1   2.1103821920200811E-017
 PASS exchange           1           1           1           1           0   1.2509268882771003E-017
 PASS exchange           1           1           1           1           1   1.5515838457795457E-017
 PASS exchange           1           1           1           2           0   1.5515838457795457E-017
 PASS exchange           1           1           1           2           1   2.1103821920200811E-017
 PASS exchange           2           1           1           1           0   1.2509268882771003E-017
 PASS exchange           2           1           1           1           1   1.5515838457795457E-017
 PASS exchange           2           1           1           2           0   1.5515838457795457E-017
 PASS exchange           2           1           1           2           1   2.1103821920200811E-017
 PASS exchange           2           1           1           1           0   1.2509268882771003E-017
 PASS exchange           2           1           1           1           1   1.5515838457795457E-017
 PASS exchange           2           1           1           2           0   1.5515838457795457E-017
 PASS exchange           2           1           1           2           1   2.1103821920200811E-017
 PASS exchange           2           2           1           1           0   1.2509268882771003E-017
 PASS exchange           2           2           1           1           1   1.5515838457795457E-017
 PASS exchange           2           2           1           2           0   1.5515838457795457E-017
 PASS exchange           2           2           1           2           1   2.1103821920200811E-017
 PASS exchange           2           2           1           1           0   1.2509268882771003E-017
 PASS exchange           2           2           1           1           1   1.5515838457795457E-017
 PASS exchange           2           2           1           2           0   1.5515838457795457E-017
 PASS exchange           2           2           1           2           1   2.1103821920200811E-017
 PASS exchange           8           1           1           1           0   1.2509268882771003E-017
 PASS exchange           8           1           1           1           1   1.5515838457795457E-017
 PASS exchange           8           1           1           2           0   1.5515838457795457E-017
 PASS exchange           8           1           1           2           1   2.1103821920200811E-017
 PASS exchange           8           1           1           1           0   1.2509268882771003E-017
 PASS exchange           8           1           1           1           1   1.5515838457795457E-017
 PASS exchange           8           1           1           2           0   1.5515838457795457E-017
 PASS exchange           8           1           1           2           1   2.1103821920200811E-017
 PASS exchange           2           2           2           1           0   1.2509268882771003E-017
 PASS exchange           2           2           2           1           1   1.5515838457795457E-017
 PASS exchange           2           2           2           2           0   1.5515838457795457E-017
 PASS exchange           2           2           2           2           1   2.1103821920200811E-017
 PASS exchange           2           2           2           1           0   1.2509268882771003E-017
 PASS exchange           2           2           2           1           1   1.5515838457795457E-017
 PASS exchange           2           2           2           2           0   1.5515838457795457E-017
 PASS exchange           2           2           2           2           1   2.1103821920200811E-017
 PASS exchange           1           2           4           1           0   1.2509268882771003E-017
 PASS exchange           1           2           4           1           1   1.5515838457795457E-017
 PASS exchange           1           2           4           2           0   1.5515838457795457E-017
 PASS exchange           1           2           4           2           1   2.1103821920200811E-017
 PASS exchange           1           2           4           1           0   1.2509268882771003E-017
 PASS exchange           1           2           4           1           1   1.5515838457795457E-017
 PASS exchange           1           2           4           2           0   1.5515838457795457E-017
 PASS exchange           1           2           4           2           1   2.1103821920200811E-017
