 PASS exchange           1           1           1           1           0   1.7165875494458389E-016
 PASS exchange           1           1           1           1           1   2.3838408172857489E-016
 PASS exchange           1           1           1           2           0   4.5459023640279645E-016
 PASS exchange           1           1           1           2           1   5.6295986483147457E-016
 PASS exchange           1           1           1           1           0   1.7165875494458389E-016
 PASS exchange           1           1           1           1           1   2.3838408172857489E-016
 PASS exchange           1           1           1           2           0   4.5459023640279645E-016
 PASS exchange           1           1           1           2           1   5.6295986483147457E-016
 PASS exchange           2           1           1           1           0   1.7165875494458389E-016
 PASS exchange           2           1           1           1           1   2.3838408172857489E-016
 PASS exchange           2           1           1           2           0   4.5459023640279645E-016
 PASS exchange           2           1           1           2           1   5.6295986483147457E-016
 PASS exchange           2           1           1           1           0   1.7165875494458389E-016
 PASS exchange           2           1           1           1           1   2.3838408172857489E-016
 PASS exchange           2           1           1           2           0   4.5459023640279645E-016
 PASS exchange           2           1           1           2           1   5.6295986483147457E-016
 PASS exchange           2           2           1           1           0   1.7165875494458389E-016
 PASS exchange           2           2           1           1           1   2.3838408172857489E-016
 PASS exchange           2           2           1           2           0   4.5459023640279645E-016
 PASS exchange           2           2           1           2           1   5.6295986483147457E-016
 PASS exchange           2           2           1           1           0   1.7165875494458389E-016
 PASS exchange           2           2           1           1           1   2.3838408172857489E-016
 PASS exchange           2           2           1           2           0   4.5459023640279645E-016
 PASS exchange           2           2           1           2           1   5.6295986483147457E-016
 PASS exchange           8           1           1           1           0   1.7165875494458389E-016
 PASS exchange           8           1           1           1           1   2.3838408172857489E-016
 PASS exchange           8           1           1           2           0   4.5459023640279645E-016
 PASS exchange           8           1           1           2           1   5.6295986483147457E-016
 PASS exchange           8           1           1           1           0   1.7165875494458389E-016
 PASS exchange           8           1           1           1           1   2.3838408172857489E-016
 PASS exchange           8           1           1           2           0   4.5459023640279645E-016
 PASS exchange           8           1           1           2           1   5.6295986483147457E-016
 PASS exchange           2           2           2           1           0   1.7165875494458389E-016
 PASS exchange           2           2           2           1           1   2.3838408172857489E-016
 PASS exchange           2           2           2           2           0   4.5459023640279645E-016
 PASS exchange           2           2           2           2           1   5.6295986483147457E-016
 PASS exchange           2           2           2           1           0   1.7165875494458389E-016
 PASS exchange           2           2           2           1           1   2.3838408172857489E-016
 PASS exchange           2           2           2           2           0   4.5459023640279645E-016
 PASS exchange           2           2           2           2           1   5.6295986483147457E-016
 PASS exchange           1           2           4           1           0   1.7165875494458389E-016
 PASS exchange           1           2           4           1           1   2.3838408172857489E-016
 PASS exchange           1           2           4           2           0   4.5459023640279645E-016
 PASS exchange           1           2           4           2           1   5.6295986483147457E-016
 PASS exchange           1           2           4           1           0   1.7165875494458389E-016
 PASS exchange           1           2           4           1           1   2.3838408172857489E-016
 PASS exchange           1           2           4           2           0   4.5459023640279645E-016
 PASS exchange           1           2           4           2           1   5.6295986483147457E-016
